starting number? starting street? starting zipcode? destination number? destination street? destination zipcode? walking or driving [w/d]? Start at 788 NW Alexander St 98239
Turn right onto NW Alexander St and go 0.1 miles.
Turn left onto 7th St NW and go 0.1 miles.
Turn right onto Main St N and go 0.2 miles.
302 Main St N 98239 is on your right
Trip length: 0.4 miles
starting number? starting street? starting zipcode? destination number? destination street? destination zipcode? walking or driving [w/d]? Start at 1240 Arnold Rd 98277
Turn left onto Arnold Rd and walk for 2 minutes.
Turn right onto Monroe Landing Rd and walk for 8 minutes.
Turn left onto Scenic Heights Rd and walk for 5 minutes.
519 Scenic Heights Rd 98277 is on your left
Trip time: 15 minutes
starting number? 
